
   WARN  Unable to respect the `PHP_CLI_SERVER_WORKERS` environment variable without the `--no-reload` flag. Only creating a single server.

   INFO  Server running on [http://127.0.0.1:8000].

  Press Ctrl+C to stop the server

  2026-07-13 10:11:30 / .......................................... ~ 500.49ms
  2026-07-13 10:16:04 /login ....................................... ~ 0.12ms
  2026-07-13 10:16:04 /build/assets/app-Df1GZsGB.css ............... ~ 0.04ms
  2026-07-13 10:16:04 /build/assets/app-3a-l-npF.js ................ ~ 0.02ms
  2026-07-13 10:16:04 /build/assets/login-gVEWpINs.js .............. ~ 0.07ms
  2026-07-13 10:16:04 /build/assets/input-error-ClIc-_W6.js ........ ~ 0.19ms
  2026-07-13 10:16:04 /build/assets/text-link-Cn9vO3VV.js .......... ~ 0.34ms
  2026-07-13 10:16:04 /build/assets/button-C2MnCys5.js ............. ~ 0.46ms
  2026-07-13 10:16:04 /build/assets/checkbox-CjyoEogs.js ........... ~ 0.58ms
  2026-07-13 10:16:04 /build/assets/input-DFQW7ILG.js .............. ~ 0.71ms
  2026-07-13 10:16:04 /build/assets/label-_0bYYBSG.js .............. ~ 0.07ms
  2026-07-13 10:16:04 /build/assets/auth-layout-D3pL1JCK.js ........ ~ 0.20ms
  2026-07-13 10:16:04 /build/assets/loader-circle-CW_-8z_O.js ...... ~ 0.30ms
  2026-07-13 10:16:04 /build/assets/index-DmQr09XR.js .............. ~ 0.44ms
  2026-07-13 10:16:04 /build/assets/index-BtHCLbfV.js .............. ~ 0.57ms
  2026-07-13 10:16:04 /build/assets/index-Dsmb4WyM.js .............. ~ 0.71ms
  2026-07-13 10:16:04 /build/assets/index-BHWebBNU.js .............. ~ 0.02ms
  2026-07-13 10:16:04 /build/assets/app-Df1GZsGB.css ............... ~ 0.10ms
  2026-07-13 10:16:04 /logo.svg .................................... ~ 0.03ms
  2026-07-13 10:16:04 /_boost/browser-logs ......................... ~ 0.15ms
  2026-07-13 10:16:05 /_boost/browser-logs ......................... ~ 0.04ms
  2026-07-13 10:17:01 /login ....................................... ~ 0.19ms
  2026-07-13 10:17:01 /build/assets/app-Df1GZsGB.css ............... ~ 0.04ms
  2026-07-13 10:17:01 /build/assets/login-gVEWpINs.js .............. ~ 0.06ms
  2026-07-13 10:17:01 /build/assets/app-3a-l-npF.js ................ ~ 0.21ms
  2026-07-13 10:17:01 /build/assets/input-error-ClIc-_W6.js ........ ~ 0.43ms
  2026-07-13 10:17:01 /build/assets/text-link-Cn9vO3VV.js .......... ~ 0.57ms
  2026-07-13 10:17:01 /build/assets/button-C2MnCys5.js ............. ~ 0.69ms
  2026-07-13 10:17:01 /build/assets/checkbox-CjyoEogs.js ........... ~ 0.82ms
  2026-07-13 10:17:01 /build/assets/input-DFQW7ILG.js .............. ~ 0.06ms
  2026-07-13 10:17:01 /build/assets/label-_0bYYBSG.js .............. ~ 0.20ms
  2026-07-13 10:17:01 /build/assets/auth-layout-D3pL1JCK.js ........ ~ 0.34ms
  2026-07-13 10:17:01 /build/assets/loader-circle-CW_-8z_O.js ...... ~ 0.53ms
  2026-07-13 10:17:01 /build/assets/index-DmQr09XR.js .............. ~ 0.64ms
  2026-07-13 10:17:01 /build/assets/index-BtHCLbfV.js .............. ~ 0.31ms
  2026-07-13 10:17:01 /build/assets/index-Dsmb4WyM.js .............. ~ 0.44ms
  2026-07-13 10:17:01 /build/assets/index-BHWebBNU.js .............. ~ 0.56ms
  2026-07-13 10:17:01 /build/assets/app-Df1GZsGB.css ............... ~ 0.04ms
  2026-07-13 10:17:01 /logo.svg .................................... ~ 0.06ms
  2026-07-13 10:17:28 /login ....................................... ~ 0.10ms
  2026-07-13 10:17:28 /build/assets/app-Df1GZsGB.css ............... ~ 0.04ms
  2026-07-13 10:17:28 /build/assets/login-gVEWpINs.js .............. ~ 0.07ms
  2026-07-13 10:17:28 /build/assets/input-error-ClIc-_W6.js ........ ~ 0.21ms
  2026-07-13 10:17:28 /build/assets/text-link-Cn9vO3VV.js .......... ~ 0.32ms
  2026-07-13 10:17:28 /build/assets/button-C2MnCys5.js ............. ~ 0.42ms
  2026-07-13 10:17:28 /build/assets/app-3a-l-npF.js ................ ~ 0.63ms
  2026-07-13 10:17:28 /build/assets/checkbox-CjyoEogs.js ........... ~ 0.78ms
  2026-07-13 10:17:28 /build/assets/input-DFQW7ILG.js .............. ~ 0.07ms
  2026-07-13 10:17:28 /build/assets/label-_0bYYBSG.js .............. ~ 0.19ms
  2026-07-13 10:17:28 /build/assets/auth-layout-D3pL1JCK.js ........ ~ 0.31ms
  2026-07-13 10:17:28 /build/assets/loader-circle-CW_-8z_O.js ...... ~ 0.47ms
  2026-07-13 10:17:28 /build/assets/index-DmQr09XR.js .............. ~ 0.58ms
  2026-07-13 10:17:28 /build/assets/index-BtHCLbfV.js .............. ~ 0.21ms
  2026-07-13 10:17:28 /build/assets/index-Dsmb4WyM.js .............. ~ 0.33ms
  2026-07-13 10:17:28 /build/assets/index-BHWebBNU.js .............. ~ 0.44ms
  2026-07-13 10:17:28 /build/assets/app-Df1GZsGB.css ............... ~ 0.02ms
  2026-07-13 10:17:28 /logo.svg .................................... ~ 0.02ms
  2026-07-13 10:17:29 /_boost/browser-logs ......................... ~ 0.10ms
  2026-07-13 10:17:57 /login ....................................... ~ 0.09ms
  2026-07-13 10:17:57 /build/assets/app-Df1GZsGB.css ............... ~ 0.10ms
  2026-07-13 10:17:57 /build/assets/login-gVEWpINs.js .............. ~ 0.13ms
  2026-07-13 10:17:57 /build/assets/app-3a-l-npF.js ................ ~ 0.28ms
  2026-07-13 10:17:57 /build/assets/input-error-ClIc-_W6.js ........ ~ 0.51ms
  2026-07-13 10:17:57 /build/assets/text-link-Cn9vO3VV.js .......... ~ 0.62ms
  2026-07-13 10:17:57 /build/assets/button-C2MnCys5.js ............. ~ 0.75ms
  2026-07-13 10:17:57 /build/assets/checkbox-CjyoEogs.js ........... ~ 0.88ms
  2026-07-13 10:17:57 /build/assets/input-DFQW7ILG.js .............. ~ 0.40ms
  2026-07-13 10:17:57 /build/assets/label-_0bYYBSG.js .............. ~ 0.28ms
  2026-07-13 10:17:57 /build/assets/auth-layout-D3pL1JCK.js ........ ~ 0.39ms
  2026-07-13 10:17:57 /build/assets/loader-circle-CW_-8z_O.js ...... ~ 0.47ms
  2026-07-13 10:17:57 /build/assets/index-DmQr09XR.js .............. ~ 0.54ms
  2026-07-13 10:17:57 /build/assets/index-BtHCLbfV.js .............. ~ 0.26ms
  2026-07-13 10:17:57 /build/assets/index-Dsmb4WyM.js .............. ~ 0.41ms
  2026-07-13 10:17:57 /build/assets/index-BHWebBNU.js .............. ~ 0.36ms
  2026-07-13 10:17:57 /build/assets/app-Df1GZsGB.css ............... ~ 0.03ms
  2026-07-13 10:17:57 /logo.svg .................................... ~ 0.02ms
  2026-07-13 10:17:57 /_boost/browser-logs ......................... ~ 0.02ms
  2026-07-13 11:15:14 /login ....................................... ~ 6.61ms
  2026-07-13 11:15:15 /build/assets/app-Df1GZsGB.css ............... ~ 0.04ms
  2026-07-13 11:15:15 /build/assets/login-gVEWpINs.js .............. ~ 0.09ms
  2026-07-13 11:15:15 /build/assets/input-error-ClIc-_W6.js ........ ~ 0.22ms
  2026-07-13 11:15:15 /build/assets/text-link-Cn9vO3VV.js .......... ~ 0.33ms
  2026-07-13 11:15:15 /build/assets/button-C2MnCys5.js ............. ~ 0.99ms
  2026-07-13 11:15:15 /build/assets/checkbox-CjyoEogs.js ........... ~ 1.23ms
  2026-07-13 11:15:15 /build/assets/app-3a-l-npF.js ................ ~ 1.60ms
  2026-07-13 11:15:15 /build/assets/input-DFQW7ILG.js .............. ~ 0.07ms
  2026-07-13 11:15:15 /build/assets/label-_0bYYBSG.js .............. ~ 0.23ms
  2026-07-13 11:15:15 /build/assets/auth-layout-D3pL1JCK.js ........ ~ 0.42ms
  2026-07-13 11:15:15 /build/assets/loader-circle-CW_-8z_O.js ...... ~ 0.53ms
  2026-07-13 11:15:15 /build/assets/index-DmQr09XR.js .............. ~ 0.62ms
  2026-07-13 11:15:15 /build/assets/index-BtHCLbfV.js .............. ~ 0.04ms
  2026-07-13 11:15:15 /build/assets/index-Dsmb4WyM.js .............. ~ 0.18ms
  2026-07-13 11:15:15 /build/assets/index-BHWebBNU.js .............. ~ 0.31ms
  2026-07-13 11:15:15 /build/assets/app-Df1GZsGB.css ............... ~ 0.26ms
  2026-07-13 11:15:15 /logo.svg .................................... ~ 0.05ms
  2026-07-13 11:15:15 /_boost/browser-logs ......................... ~ 0.03ms
  2026-07-13 11:15:15 /_boost/browser-logs ......................... ~ 0.04ms
  2026-07-13 11:15:17 /_boost/browser-logs ......................... ~ 0.09ms
  2026-07-13 11:15:18 /_boost/browser-logs ......................... ~ 0.15ms
  2026-07-13 11:15:18 /login ..................................... ~ 500.51ms
  2026-07-13 11:15:19 /_boost/browser-logs ......................... ~ 0.03ms
  2026-07-13 11:15:19 /dashboard ................................... ~ 0.04ms
  2026-07-13 11:15:19 /build/assets/dashboard-k3M8JNNI.js .......... ~ 0.27ms
  2026-07-13 11:15:19 /build/assets/badge-DdtTj_v8.js .............. ~ 0.42ms
  2026-07-13 11:15:19 /build/assets/app-layout-B0KH4Id0.js ......... ~ 0.54ms
  2026-07-13 11:15:19 /build/assets/index-s1VyVOqz.js .............. ~ 0.69ms
  2026-07-13 11:15:19 /build/assets/index-DF4DEjB3.js .............. ~ 0.82ms
  2026-07-13 11:15:19 /build/assets/Combination-BmH5zaPy.js ........ ~ 0.95ms
  2026-07-13 11:15:19 /build/assets/index-B7elZI6B.js .............. ~ 0.75ms
  2026-07-13 11:15:19 /build/assets/index-CA0bjxDv.js .............. ~ 0.23ms
  2026-07-13 11:15:19 /build/assets/dropdown-menu-CIHgZawd.js ...... ~ 0.33ms
  2026-07-13 11:15:19 /build/assets/truck-CXUDU0Og.js .............. ~ 0.41ms
  2026-07-13 11:15:20 /booking ..................................... ~ 0.10ms
  2026-07-13 11:15:20 /build/assets/app-Df1GZsGB.css ............... ~ 0.04ms
  2026-07-13 11:15:20 /images/techpickly-transparent-logo.png ...... ~ 0.03ms
  2026-07-13 11:15:21 /api/search-categories ....................... ~ 0.12ms
  2026-07-13 11:15:21 /api/search-districts ........................ ~ 0.43ms
  2026-07-13 11:15:22 /api/search-categories ....................... ~ 0.12ms
  2026-07-13 11:16:47 /login ....................................... ~ 0.11ms
  2026-07-13 11:16:47 /build/assets/app-Df1GZsGB.css ............... ~ 0.03ms
  2026-07-13 11:16:47 /build/assets/login-gVEWpINs.js .............. ~ 0.06ms
  2026-07-13 11:16:47 /build/assets/input-error-ClIc-_W6.js ........ ~ 0.17ms
  2026-07-13 11:16:47 /build/assets/app-3a-l-npF.js ................ ~ 0.28ms
  2026-07-13 11:16:47 /build/assets/text-link-Cn9vO3VV.js .......... ~ 0.40ms
  2026-07-13 11:16:47 /build/assets/button-C2MnCys5.js ............. ~ 0.51ms
  2026-07-13 11:16:47 /build/assets/checkbox-CjyoEogs.js ........... ~ 0.68ms
  2026-07-13 11:16:47 /build/assets/input-DFQW7ILG.js .............. ~ 0.12ms
  2026-07-13 11:16:47 /build/assets/label-_0bYYBSG.js .............. ~ 0.25ms
  2026-07-13 11:16:47 /build/assets/auth-layout-D3pL1JCK.js ........ ~ 0.36ms
  2026-07-13 11:16:47 /build/assets/loader-circle-CW_-8z_O.js ...... ~ 0.48ms
  2026-07-13 11:16:47 /build/assets/index-DmQr09XR.js .............. ~ 0.57ms
  2026-07-13 11:16:47 /build/assets/index-BtHCLbfV.js .............. ~ 0.37ms
  2026-07-13 11:16:47 /build/assets/index-Dsmb4WyM.js .............. ~ 0.50ms
  2026-07-13 11:16:47 /build/assets/index-BHWebBNU.js .............. ~ 0.33ms
  2026-07-13 11:16:47 /build/assets/app-Df1GZsGB.css ............... ~ 0.13ms
  2026-07-13 11:16:47 /logo.svg .................................... ~ 0.03ms
  2026-07-13 11:16:47 /_boost/browser-logs ......................... ~ 0.02ms
  2026-07-13 11:16:49 /_boost/browser-logs ......................... ~ 0.10ms
  2026-07-13 11:16:50 /_boost/browser-logs ......................... ~ 0.15ms
  2026-07-13 11:16:50 /login ....................................... ~ 0.12ms
  2026-07-13 11:16:51 /_boost/browser-logs ......................... ~ 0.03ms
  2026-07-13 11:16:51 /dashboard ................................. ~ 500.68ms
  2026-07-13 11:16:51 /build/assets/dashboard-k3M8JNNI.js .......... ~ 0.11ms
  2026-07-13 11:16:51 /build/assets/badge-DdtTj_v8.js .............. ~ 0.28ms
  2026-07-13 11:16:51 /build/assets/app-layout-B0KH4Id0.js ......... ~ 0.43ms
  2026-07-13 11:16:51 /build/assets/index-s1VyVOqz.js .............. ~ 0.53ms
  2026-07-13 11:16:51 /build/assets/index-DF4DEjB3.js .............. ~ 0.66ms
  2026-07-13 11:16:51 /build/assets/Combination-BmH5zaPy.js ........ ~ 0.79ms
  2026-07-13 11:16:51 /build/assets/index-B7elZI6B.js .............. ~ 0.06ms
  2026-07-13 11:16:51 /build/assets/index-CA0bjxDv.js .............. ~ 0.19ms
  2026-07-13 11:16:51 /build/assets/dropdown-menu-CIHgZawd.js ...... ~ 0.36ms
  2026-07-13 11:16:51 /build/assets/truck-CXUDU0Og.js .............. ~ 0.45ms
  2026-07-13 11:16:52 /booking ..................................... ~ 0.09ms
  2026-07-13 11:16:52 /build/assets/app-Df1GZsGB.css ............... ~ 0.04ms
  2026-07-13 11:16:52 /images/techpickly-transparent-logo.png ...... ~ 0.18ms
  2026-07-13 11:16:53 /api/search-categories ....................... ~ 0.10ms
  2026-07-13 11:16:53 /api/search-districts ........................ ~ 0.03ms
  2026-07-13 11:16:54 /api/search-categories ....................... ~ 0.09ms
  2026-07-13 11:16:55 /api/search-categories ....................... ~ 0.13ms
  2026-07-13 11:16:58 /api/search-categories ....................... ~ 0.09ms
  2026-07-13 11:16:59 /api/search-categories ....................... ~ 0.09ms
  2026-07-13 11:36:04 /login ..................................... ~ 514.13ms
  2026-07-13 11:36:04 /build/assets/app-DSV6MwC1.css ............... ~ 0.05ms
  2026-07-13 11:36:04 /build/assets/login-Bt4lCRYZ.js .............. ~ 0.36ms
  2026-07-13 11:36:04 /build/assets/input-error-CXsuKSWd.js ........ ~ 0.51ms
  2026-07-13 11:36:04 /build/assets/app-BmAMTiUv.js ................ ~ 0.64ms
  2026-07-13 11:36:04 /build/assets/text-link-BznZoAx3.js .......... ~ 0.62ms
  2026-07-13 11:36:04 /build/assets/button-DXT1NHDs.js ............. ~ 1.07ms
  2026-07-13 11:36:04 /build/assets/checkbox-B42V_Twz.js ........... ~ 1.21ms
  2026-07-13 11:36:04 /build/assets/input-CEFt0jOq.js .............. ~ 0.10ms
  2026-07-13 11:36:04 /build/assets/label-B8cczAmG.js .............. ~ 0.23ms
  2026-07-13 11:36:04 /build/assets/auth-layout-C83brs55.js ........ ~ 2.38ms
  2026-07-13 11:36:04 /build/assets/loader-circle-KangHrFD.js ...... ~ 2.57ms
  2026-07-13 11:36:04 /build/assets/index-POyOYHxn.js .............. ~ 2.66ms
  2026-07-13 11:36:04 /build/assets/index-C8q4t9Xy.js .............. ~ 0.12ms
  2026-07-13 11:36:04 /build/assets/index-BZpab5HS.js .............. ~ 0.26ms
  2026-07-13 11:36:04 /build/assets/index-EyOxjpJp.js .............. ~ 0.39ms
  2026-07-13 11:36:05 /build/assets/app-DSV6MwC1.css ............... ~ 0.03ms
  2026-07-13 11:36:05 /logo.svg .................................... ~ 0.03ms
  2026-07-13 11:36:05 /_boost/browser-logs ......................... ~ 0.02ms
  2026-07-13 11:36:05 /_boost/browser-logs ......................... ~ 0.11ms
  2026-07-13 11:36:07 /_boost/browser-logs ......................... ~ 0.11ms
  2026-07-13 11:36:07 /_boost/browser-logs ......................... ~ 0.11ms
  2026-07-13 11:36:08 /login ..................................... ~ 501.04ms
  2026-07-13 11:36:08 /_boost/browser-logs ......................... ~ 0.04ms
  2026-07-13 11:36:08 /dashboard ................................... ~ 0.03ms
  2026-07-13 11:36:08 /build/assets/dashboard-DUHnMa0z.js .......... ~ 0.07ms
  2026-07-13 11:36:08 /build/assets/badge-CyEcBlYb.js .............. ~ 0.08ms
  2026-07-13 11:36:08 /build/assets/app-layout-D71txAqn.js ......... ~ 0.24ms
  2026-07-13 11:36:08 /build/assets/index-D4xB-BXe.js .............. ~ 0.36ms
  2026-07-13 11:36:08 /build/assets/index-DX4hVH9-.js .............. ~ 4.20ms
  2026-07-13 11:36:08 /build/assets/Combination-C3vqnm0L.js ........ ~ 4.41ms
  2026-07-13 11:36:08 /build/assets/index-DgLsMEYb.js .............. ~ 4.55ms
  2026-07-13 11:36:08 /build/assets/index-CqSeo2yf.js .............. ~ 0.07ms
  2026-07-13 11:36:08 /build/assets/dropdown-menu-C156HNEi.js ...... ~ 0.24ms
  2026-07-13 11:36:08 /build/assets/truck-9axrhk5m.js .............. ~ 0.33ms
  2026-07-13 11:36:10 /booking ..................................... ~ 0.11ms
  2026-07-13 11:36:10 /build/assets/app-DSV6MwC1.css ............... ~ 0.05ms
  2026-07-13 11:36:10 /images/techpickly-transparent-logo.png ...... ~ 0.25ms
  2026-07-13 11:36:10 /api/search-categories ....................... ~ 0.27ms
  2026-07-13 11:36:10 /api/search-districts ........................ ~ 0.04ms
  2026-07-13 11:36:11 /api/search-categories ....................... ~ 0.19ms
  2026-07-13 11:36:13 /api/search-categories ....................... ~ 0.11ms
  2026-07-13 11:36:15 /api/search-categories ..................... ~ 500.58ms
  2026-07-13 11:36:17 /api/search-categories ....................... ~ 0.11ms
